Analysis & Synthesis report for axi_interconnect
Mon Aug 03 01:03:31 2015
Quartus II 64-Bit Version 13.0.1 Build 232 06/12/2013 Service Pack 1 SJ Full Version


---------------------
; Table of Contents ;
---------------------
  1. Legal Notice
  2. Analysis & Synthesis Summary
  3. Analysis & Synthesis Settings
  4. Parallel Compilation
  5. Analysis & Synthesis Source Files Read
  6. Analysis & Synthesis Resource Usage Summary
  7. Analysis & Synthesis Resource Utilization by Entity
  8. State Machine - |axi_interconnect|read_state
  9. Registers Removed During Synthesis
 10. General Register Statistics
 11. Multiplexer Restructuring Statistics (Restructuring Performed)
 12. Elapsed Time Per Partition
 13. Analysis & Synthesis Messages



----------------
; Legal Notice ;
----------------
Copyright (C) 1991-2013 Altera Corporation
Your use of Altera Corporation's design tools, logic functions 
and other software and tools, and its AMPP partner logic 
functions, and any output files from any of the foregoing 
(including device programming or simulation files), and any 
associated documentation or information are expressly subject 
to the terms and conditions of the Altera Program License 
Subscription Agreement, Altera MegaCore Function License 
Agreement, or other applicable license agreement, including, 
without limitation, that your use is for the sole purpose of 
programming logic devices manufactured by Altera and sold by 
Altera or its authorized distributors.  Please refer to the 
applicable agreement for further details.



+----------------------------------------------------------------------------------------+
; Analysis & Synthesis Summary                                                           ;
+-------------------------------------+--------------------------------------------------+
; Analysis & Synthesis Status         ; Successful - Mon Aug 03 01:03:31 2015            ;
; Quartus II 64-Bit Version           ; 13.0.1 Build 232 06/12/2013 SP 1 SJ Full Version ;
; Revision Name                       ; axi_interconnect                                 ;
; Top-level Entity Name               ; axi_interconnect                                 ;
; Family                              ; Cyclone V                                        ;
; Logic utilization (in ALMs)         ; N/A                                              ;
; Total registers                     ; 89                                               ;
; Total pins                          ; 890                                              ;
; Total virtual pins                  ; 0                                                ;
; Total block memory bits             ; 0                                                ;
; Total DSP Blocks                    ; 0                                                ;
; Total HSSI RX PCSs                  ; 0                                                ;
; Total HSSI PMA RX Deserializers     ; 0                                                ;
; Total HSSI PMA RX ATT Deserializers ; 0                                                ;
; Total HSSI TX PCSs                  ; 0                                                ;
; Total HSSI PMA TX Serializers       ; 0                                                ;
; Total HSSI PMA TX ATT Serializers   ; 0                                                ;
; Total PLLs                          ; 0                                                ;
; Total DLLs                          ; 0                                                ;
+-------------------------------------+--------------------------------------------------+


+---------------------------------------------------------------------------------------------------------------------------+
; Analysis & Synthesis Settings                                                                                             ;
+---------------------------------------------------------------------------------+--------------------+--------------------+
; Option                                                                          ; Setting            ; Default Value      ;
+---------------------------------------------------------------------------------+--------------------+--------------------+
; Device                                                                          ; 5CSXFC6D6F31C8ES   ;                    ;
; Top-level entity name                                                           ; axi_interconnect   ; axi_interconnect   ;
; Family name                                                                     ; Cyclone V          ; Cyclone IV GX      ;
; Use smart compilation                                                           ; Off                ; Off                ;
; Enable parallel Assembler and TimeQuest Timing Analyzer during compilation      ; On                 ; On                 ;
; Enable compact report table                                                     ; Off                ; Off                ;
; Restructure Multiplexers                                                        ; Auto               ; Auto               ;
; MLAB Add Timing Constraints For Mixed-Port Feed-Through Mode Setting Don't Care ; Off                ; Off                ;
; Create Debugging Nodes for IP Cores                                             ; Off                ; Off                ;
; Preserve fewer node names                                                       ; On                 ; On                 ;
; Disable OpenCore Plus hardware evaluation                                       ; Off                ; Off                ;
; Verilog Version                                                                 ; Verilog_2001       ; Verilog_2001       ;
; VHDL Version                                                                    ; VHDL_1993          ; VHDL_1993          ;
; State Machine Processing                                                        ; Auto               ; Auto               ;
; Safe State Machine                                                              ; Off                ; Off                ;
; Extract Verilog State Machines                                                  ; On                 ; On                 ;
; Extract VHDL State Machines                                                     ; On                 ; On                 ;
; Ignore Verilog initial constructs                                               ; Off                ; Off                ;
; Iteration limit for constant Verilog loops                                      ; 5000               ; 5000               ;
; Iteration limit for non-constant Verilog loops                                  ; 250                ; 250                ;
; Add Pass-Through Logic to Inferred RAMs                                         ; On                 ; On                 ;
; Infer RAMs from Raw Logic                                                       ; On                 ; On                 ;
; Parallel Synthesis                                                              ; On                 ; On                 ;
; DSP Block Balancing                                                             ; Auto               ; Auto               ;
; NOT Gate Push-Back                                                              ; On                 ; On                 ;
; Power-Up Don't Care                                                             ; On                 ; On                 ;
; Remove Redundant Logic Cells                                                    ; Off                ; Off                ;
; Remove Duplicate Registers                                                      ; On                 ; On                 ;
; Ignore CARRY Buffers                                                            ; Off                ; Off                ;
; Ignore CASCADE Buffers                                                          ; Off                ; Off                ;
; Ignore GLOBAL Buffers                                                           ; Off                ; Off                ;
; Ignore ROW GLOBAL Buffers                                                       ; Off                ; Off                ;
; Ignore LCELL Buffers                                                            ; Off                ; Off                ;
; Ignore SOFT Buffers                                                             ; On                 ; On                 ;
; Limit AHDL Integers to 32 Bits                                                  ; Off                ; Off                ;
; Optimization Technique                                                          ; Balanced           ; Balanced           ;
; Carry Chain Length                                                              ; 70                 ; 70                 ;
; Auto Carry Chains                                                               ; On                 ; On                 ;
; Auto Open-Drain Pins                                                            ; On                 ; On                 ;
; Perform WYSIWYG Primitive Resynthesis                                           ; Off                ; Off                ;
; Auto ROM Replacement                                                            ; On                 ; On                 ;
; Auto RAM Replacement                                                            ; On                 ; On                 ;
; Auto DSP Block Replacement                                                      ; On                 ; On                 ;
; Auto Shift Register Replacement                                                 ; Auto               ; Auto               ;
; Allow Shift Register Merging across Hierarchies                                 ; Auto               ; Auto               ;
; Auto Clock Enable Replacement                                                   ; On                 ; On                 ;
; Strict RAM Replacement                                                          ; Off                ; Off                ;
; Allow Synchronous Control Signals                                               ; On                 ; On                 ;
; Force Use of Synchronous Clear Signals                                          ; Off                ; Off                ;
; Auto Resource Sharing                                                           ; Off                ; Off                ;
; Allow Any RAM Size For Recognition                                              ; Off                ; Off                ;
; Allow Any ROM Size For Recognition                                              ; Off                ; Off                ;
; Allow Any Shift Register Size For Recognition                                   ; Off                ; Off                ;
; Use LogicLock Constraints during Resource Balancing                             ; On                 ; On                 ;
; Ignore translate_off and synthesis_off directives                               ; Off                ; Off                ;
; Timing-Driven Synthesis                                                         ; On                 ; On                 ;
; Report Parameter Settings                                                       ; On                 ; On                 ;
; Report Source Assignments                                                       ; On                 ; On                 ;
; Report Connectivity Checks                                                      ; On                 ; On                 ;
; Ignore Maximum Fan-Out Assignments                                              ; Off                ; Off                ;
; Synchronization Register Chain Length                                           ; 3                  ; 3                  ;
; PowerPlay Power Optimization                                                    ; Normal compilation ; Normal compilation ;
; HDL message level                                                               ; Level2             ; Level2             ;
; Suppress Register Optimization Related Messages                                 ; Off                ; Off                ;
; Number of Removed Registers Reported in Synthesis Report                        ; 5000               ; 5000               ;
; Number of Swept Nodes Reported in Synthesis Report                              ; 5000               ; 5000               ;
; Number of Inverted Registers Reported in Synthesis Report                       ; 100                ; 100                ;
; Clock MUX Protection                                                            ; On                 ; On                 ;
; Auto Gated Clock Conversion                                                     ; Off                ; Off                ;
; Block Design Naming                                                             ; Auto               ; Auto               ;
; SDC constraint protection                                                       ; Off                ; Off                ;
; Synthesis Effort                                                                ; Auto               ; Auto               ;
; Shift Register Replacement - Allow Asynchronous Clear Signal                    ; On                 ; On                 ;
; Pre-Mapping Resynthesis Optimization                                            ; Off                ; Off                ;
; Analysis & Synthesis Message Level                                              ; Medium             ; Medium             ;
; Disable Register Merging Across Hierarchies                                     ; Auto               ; Auto               ;
; Resource Aware Inference For Block RAM                                          ; On                 ; On                 ;
; Synthesis Seed                                                                  ; 1                  ; 1                  ;
; Automatic Parallel Synthesis                                                    ; Off                ; Off                ;
+---------------------------------------------------------------------------------+--------------------+--------------------+


+------------------------------------------+
; Parallel Compilation                     ;
+----------------------------+-------------+
; Processors                 ; Number      ;
+----------------------------+-------------+
; Number detected on machine ; 4           ;
; Maximum allowed            ; 4           ;
;                            ;             ;
; Average used               ; 1.00        ;
; Maximum used               ; 1           ;
;                            ;             ;
; Usage by Processor         ; % Time Used ;
;     Processor 1            ; 100.0%      ;
;     Processors 2-4         ;   0.0%      ;
+----------------------------+-------------+


+---------------------------------------------------------------------------------------------------------------------------------------------------------------+
; Analysis & Synthesis Source Files Read                                                                                                                        ;
+----------------------------------+-----------------+------------------------------+-----------------------------------------------------------------+---------+
; File Name with User-Entered Path ; Used in Netlist ; File Type                    ; File Name with Absolute Path                                    ; Library ;
+----------------------------------+-----------------+------------------------------+-----------------------------------------------------------------+---------+
; axi/axi_interconnect.sv          ; yes             ; User SystemVerilog HDL File  ; C:/Users/Viago/Documents/Quartus II/axi/axi/axi_interconnect.sv ;         ;
; axi/axi_interface.sv             ; yes             ; User SystemVerilog HDL File  ; C:/Users/Viago/Documents/Quartus II/axi/axi/axi_interface.sv    ;         ;
+----------------------------------+-----------------+------------------------------+-----------------------------------------------------------------+---------+


+---------------------------------------------------------+
; Analysis & Synthesis Resource Usage Summary             ;
+---------------------------------------------+-----------+
; Resource                                    ; Usage     ;
+---------------------------------------------+-----------+
; Estimate of Logic utilization (ALMs needed) ; 119       ;
;                                             ;           ;
; Combinational ALUT usage for logic          ; 226       ;
;     -- 7 input functions                    ; 0         ;
;     -- 6 input functions                    ; 12        ;
;     -- 5 input functions                    ; 8         ;
;     -- 4 input functions                    ; 15        ;
;     -- <=3 input functions                  ; 191       ;
;                                             ;           ;
; Dedicated logic registers                   ; 89        ;
;                                             ;           ;
; I/O pins                                    ; 890       ;
; Total DSP Blocks                            ; 0         ;
; Maximum fan-out node                        ; clk~input ;
; Maximum fan-out                             ; 89        ;
; Total fan-out                               ; 2312      ;
; Average fan-out                             ; 1.10      ;
+---------------------------------------------+-----------+


+-----------------------------------------------------------------------------------------------------------------------------------------------------------+
; Analysis & Synthesis Resource Utilization by Entity                                                                                                       ;
+----------------------------+-------------------+--------------+-------------------+------------+------+--------------+---------------------+--------------+
; Compilation Hierarchy Node ; LC Combinationals ; LC Registers ; Block Memory Bits ; DSP Blocks ; Pins ; Virtual Pins ; Full Hierarchy Name ; Library Name ;
+----------------------------+-------------------+--------------+-------------------+------------+------+--------------+---------------------+--------------+
; |axi_interconnect          ; 226 (226)         ; 89 (89)      ; 0                 ; 0          ; 890  ; 0            ; |axi_interconnect   ; work         ;
+----------------------------+-------------------+--------------+-------------------+------------+------+--------------+---------------------+--------------+
Note: For table entries with two numbers listed, the numbers in parentheses indicate the number of resources of the given type used by the specific entity alone. The numbers listed outside of parentheses indicate the total resources of the given type used by the specific entity and all of its sub-entities in the hierarchy.


Encoding Type:  One-Hot
+------------------------------------------------------------------------------------------------------------------------------+
; State Machine - |axi_interconnect|read_state                                                                                 ;
+--------------------------------+----------------------------+-------------------------------+--------------------------------+
; Name                           ; read_state.STATE_ARBITRATE ; read_state.STATE_ACTIVE_BURST ; read_state.STATE_ISSUE_ADDRESS ;
+--------------------------------+----------------------------+-------------------------------+--------------------------------+
; read_state.STATE_ARBITRATE     ; 0                          ; 0                             ; 0                              ;
; read_state.STATE_ISSUE_ADDRESS ; 1                          ; 0                             ; 1                              ;
; read_state.STATE_ACTIVE_BURST  ; 1                          ; 1                             ; 0                              ;
+--------------------------------+----------------------------+-------------------------------+--------------------------------+


+---------------------------------------------------------------------------------+
; Registers Removed During Synthesis                                              ;
+----------------------------------------+----------------------------------------+
; Register name                          ; Reason for Removal                     ;
+----------------------------------------+----------------------------------------+
; write_state[2..9,11..31]               ; Merged with write_state[10]            ;
; write_state[10]                        ; Stuck at GND due to stuck port data_in ;
; Total Number of Removed Registers = 30 ;                                        ;
+----------------------------------------+----------------------------------------+


+------------------------------------------------------+
; General Register Statistics                          ;
+----------------------------------------------+-------+
; Statistic                                    ; Value ;
+----------------------------------------------+-------+
; Total registers                              ; 89    ;
; Number of registers using Synchronous Clear  ; 1     ;
; Number of registers using Synchronous Load   ; 18    ;
; Number of registers using Asynchronous Clear ; 89    ;
; Number of registers using Asynchronous Load  ; 0     ;
; Number of registers using Clock Enable       ; 84    ;
; Number of registers using Preset             ; 0     ;
+----------------------------------------------+-------+


+--------------------------------------------------------------------------------------------------------------------------------------------------------+
; Multiplexer Restructuring Statistics (Restructuring Performed)                                                                                         ;
+--------------------+-----------+---------------+----------------------+------------------------+------------+------------------------------------------+
; Multiplexer Inputs ; Bus Width ; Baseline Area ; Area if Restructured ; Saving if Restructured ; Registered ; Example Multiplexer Output               ;
+--------------------+-----------+---------------+----------------------+------------------------+------------+------------------------------------------+
; 3:1                ; 33 bits   ; 66 LEs        ; 33 LEs               ; 33 LEs                 ; Yes        ; |axi_interconnect|read_burst_address[23] ;
; 3:1                ; 33 bits   ; 66 LEs        ; 33 LEs               ; 33 LEs                 ; Yes        ; |axi_interconnect|write_burst_address[6] ;
; 6:1                ; 8 bits    ; 32 LEs        ; 16 LEs               ; 16 LEs                 ; Yes        ; |axi_interconnect|read_burst_length[7]   ;
; 6:1                ; 8 bits    ; 32 LEs        ; 16 LEs               ; 16 LEs                 ; Yes        ; |axi_interconnect|write_burst_length[7]  ;
; 8:1                ; 3 bits    ; 15 LEs        ; 6 LEs                ; 9 LEs                  ; Yes        ; |axi_interconnect|write_state[0]         ;
; 3:1                ; 2 bits    ; 4 LEs         ; 4 LEs                ; 0 LEs                  ; No         ; |axi_interconnect|rvalid                 ;
; 3:1                ; 2 bits    ; 4 LEs         ; 4 LEs                ; 0 LEs                  ; No         ; |axi_interconnect|arready                ;
; 8:1                ; 3 bits    ; 15 LEs        ; 9 LEs                ; 6 LEs                  ; No         ; |axi_interconnect|read_state             ;
+--------------------+-----------+---------------+----------------------+------------------------+------------+------------------------------------------+


+-------------------------------+
; Elapsed Time Per Partition    ;
+----------------+--------------+
; Partition Name ; Elapsed Time ;
+----------------+--------------+
; Top            ; 00:00:00     ;
+----------------+--------------+


+-------------------------------+
; Analysis & Synthesis Messages ;
+-------------------------------+
Info: *******************************************************************
Info: Running Quartus II 64-Bit Analysis & Synthesis
    Info: Version 13.0.1 Build 232 06/12/2013 Service Pack 1 SJ Full Version
    Info: Processing started: Mon Aug 03 01:03:29 2015
Info: Command: quartus_map --read_settings_files=on --write_settings_files=off axi_interconnect -c axi_interconnect
Info (20030): Parallel compilation is enabled and will use 4 of the 4 processors detected
Info (12021): Found 2 design units, including 2 entities, in source file axi/axi_write_arbiter.sv
    Info (12023): Found entity 1: axi_interface
    Info (12023): Found entity 2: axi_write_arbiter
Info (12021): Found 1 design units, including 1 entities, in source file axi/axi_read_arbiter.sv
    Info (12023): Found entity 1: axi_read_arbiter
Info (12021): Found 1 design units, including 1 entities, in source file axi/axi_interconnect.sv
    Info (12023): Found entity 1: axi_interconnect
Info (12021): Found 0 design units, including 0 entities, in source file axi/axi_interface.sv
Info (12127): Elaborating entity "axi_interconnect" for the top level hierarchy
Warning (10230): Verilog HDL assignment warning at axi_interconnect.sv(233): truncated value with size 2 to match size of target (1)
Warning (10230): Verilog HDL assignment warning at axi_interconnect.sv(242): truncated value with size 2 to match size of target (1)
Warning (10034): Output port "axi_bus_m0.awid" at axi_interconnect.sv(6) has no driver
Warning (10034): Output port "axi_bus_m0.awcache" at axi_interconnect.sv(6) has no driver
Warning (10034): Output port "axi_bus_m0.awlock" at axi_interconnect.sv(6) has no driver
Warning (10034): Output port "axi_bus_m0.awprot" at axi_interconnect.sv(6) has no driver
Warning (10034): Output port "axi_bus_m0.awqos" at axi_interconnect.sv(6) has no driver
Warning (10034): Output port "axi_bus_m0.awregion" at axi_interconnect.sv(6) has no driver
Warning (10034): Output port "axi_bus_m0.arid" at axi_interconnect.sv(6) has no driver
Warning (10034): Output port "axi_bus_m0.arlen" at axi_interconnect.sv(6) has no driver
Warning (10034): Output port "axi_bus_m0.arcache" at axi_interconnect.sv(6) has no driver
Warning (10034): Output port "axi_bus_m0.arlock" at axi_interconnect.sv(6) has no driver
Warning (10034): Output port "axi_bus_m0.arprot" at axi_interconnect.sv(6) has no driver
Warning (10034): Output port "axi_bus_m0.arqos" at axi_interconnect.sv(6) has no driver
Warning (10034): Output port "axi_bus_m0.arregion" at axi_interconnect.sv(6) has no driver
Warning (10034): Output port "axi_bus_m1.awid" at axi_interconnect.sv(7) has no driver
Warning (10034): Output port "axi_bus_m1.awcache" at axi_interconnect.sv(7) has no driver
Warning (10034): Output port "axi_bus_m1.awlock" at axi_interconnect.sv(7) has no driver
Warning (10034): Output port "axi_bus_m1.awprot" at axi_interconnect.sv(7) has no driver
Warning (10034): Output port "axi_bus_m1.awqos" at axi_interconnect.sv(7) has no driver
Warning (10034): Output port "axi_bus_m1.awregion" at axi_interconnect.sv(7) has no driver
Warning (10034): Output port "axi_bus_m1.arid" at axi_interconnect.sv(7) has no driver
Warning (10034): Output port "axi_bus_m1.arlen" at axi_interconnect.sv(7) has no driver
Warning (10034): Output port "axi_bus_m1.arsize" at axi_interconnect.sv(7) has no driver
Warning (10034): Output port "axi_bus_m1.arburst" at axi_interconnect.sv(7) has no driver
Warning (10034): Output port "axi_bus_m1.arcache" at axi_interconnect.sv(7) has no driver
Warning (10034): Output port "axi_bus_m1.arlock" at axi_interconnect.sv(7) has no driver
Warning (10034): Output port "axi_bus_m1.arprot" at axi_interconnect.sv(7) has no driver
Warning (10034): Output port "axi_bus_m1.arqos" at axi_interconnect.sv(7) has no driver
Warning (10034): Output port "axi_bus_m1.arregion" at axi_interconnect.sv(7) has no driver
Warning (10034): Output port "axi_bus_s0.bid" at axi_interconnect.sv(8) has no driver
Warning (10034): Output port "axi_bus_s0.bresp" at axi_interconnect.sv(8) has no driver
Warning (10034): Output port "axi_bus_s0.rid" at axi_interconnect.sv(8) has no driver
Warning (10034): Output port "axi_bus_s0.rresp" at axi_interconnect.sv(8) has no driver
Warning (10034): Output port "axi_bus_s0.rlast" at axi_interconnect.sv(8) has no driver
Warning (10034): Output port "axi_bus_s1.bid" at axi_interconnect.sv(9) has no driver
Warning (10034): Output port "axi_bus_s1.bresp" at axi_interconnect.sv(9) has no driver
Warning (10034): Output port "axi_bus_s1.rid" at axi_interconnect.sv(9) has no driver
Warning (10034): Output port "axi_bus_s1.rresp" at axi_interconnect.sv(9) has no driver
Warning (10034): Output port "axi_bus_s1.rlast" at axi_interconnect.sv(9) has no driver
Warning (13024): Output pins are stuck at VCC or GND
    Warning (13410): Pin "axi_bus_m0.arregion[0]" is stuck at GND
    Warning (13410): Pin "axi_bus_m0.arregion[1]" is stuck at GND
    Warning (13410): Pin "axi_bus_m0.arregion[2]" is stuck at GND
    Warning (13410): Pin "axi_bus_m0.arregion[3]" is stuck at GND
    Warning (13410): Pin "axi_bus_m0.arqos[0]" is stuck at GND
    Warning (13410): Pin "axi_bus_m0.arqos[1]" is stuck at GND
    Warning (13410): Pin "axi_bus_m0.arqos[2]" is stuck at GND
    Warning (13410): Pin "axi_bus_m0.arqos[3]" is stuck at GND
    Warning (13410): Pin "axi_bus_m0.arprot[0]" is stuck at GND
    Warning (13410): Pin "axi_bus_m0.arprot[1]" is stuck at GND
    Warning (13410): Pin "axi_bus_m0.arprot[2]" is stuck at GND
    Warning (13410): Pin "axi_bus_m0.arcache[0]" is stuck at GND
    Warning (13410): Pin "axi_bus_m0.arcache[1]" is stuck at GND
    Warning (13410): Pin "axi_bus_m0.arcache[2]" is stuck at GND
    Warning (13410): Pin "axi_bus_m0.arcache[3]" is stuck at GND
    Warning (13410): Pin "axi_bus_m0.arlock" is stuck at GND
    Warning (13410): Pin "axi_bus_m0.arlen[0]" is stuck at GND
    Warning (13410): Pin "axi_bus_m0.arlen[1]" is stuck at GND
    Warning (13410): Pin "axi_bus_m0.arlen[2]" is stuck at GND
    Warning (13410): Pin "axi_bus_m0.arlen[3]" is stuck at GND
    Warning (13410): Pin "axi_bus_m0.arlen[4]" is stuck at GND
    Warning (13410): Pin "axi_bus_m0.arlen[5]" is stuck at GND
    Warning (13410): Pin "axi_bus_m0.arlen[6]" is stuck at GND
    Warning (13410): Pin "axi_bus_m0.arlen[7]" is stuck at GND
    Warning (13410): Pin "axi_bus_m0.arid[0]" is stuck at GND
    Warning (13410): Pin "axi_bus_m0.arid[1]" is stuck at GND
    Warning (13410): Pin "axi_bus_m0.arid[2]" is stuck at GND
    Warning (13410): Pin "axi_bus_m0.arid[3]" is stuck at GND
    Warning (13410): Pin "axi_bus_m0.awregion[0]" is stuck at GND
    Warning (13410): Pin "axi_bus_m0.awregion[1]" is stuck at GND
    Warning (13410): Pin "axi_bus_m0.awregion[2]" is stuck at GND
    Warning (13410): Pin "axi_bus_m0.awregion[3]" is stuck at GND
    Warning (13410): Pin "axi_bus_m0.awqos[0]" is stuck at GND
    Warning (13410): Pin "axi_bus_m0.awqos[1]" is stuck at GND
    Warning (13410): Pin "axi_bus_m0.awqos[2]" is stuck at GND
    Warning (13410): Pin "axi_bus_m0.awqos[3]" is stuck at GND
    Warning (13410): Pin "axi_bus_m0.awprot[0]" is stuck at GND
    Warning (13410): Pin "axi_bus_m0.awprot[1]" is stuck at GND
    Warning (13410): Pin "axi_bus_m0.awprot[2]" is stuck at GND
    Warning (13410): Pin "axi_bus_m0.awcache[0]" is stuck at GND
    Warning (13410): Pin "axi_bus_m0.awcache[1]" is stuck at GND
    Warning (13410): Pin "axi_bus_m0.awcache[2]" is stuck at GND
    Warning (13410): Pin "axi_bus_m0.awcache[3]" is stuck at GND
    Warning (13410): Pin "axi_bus_m0.awlock" is stuck at GND
    Warning (13410): Pin "axi_bus_m0.awid[0]" is stuck at GND
    Warning (13410): Pin "axi_bus_m0.awid[1]" is stuck at GND
    Warning (13410): Pin "axi_bus_m0.awid[2]" is stuck at GND
    Warning (13410): Pin "axi_bus_m0.awid[3]" is stuck at GND
    Warning (13410): Pin "axi_bus_m1.arregion[0]" is stuck at GND
    Warning (13410): Pin "axi_bus_m1.arregion[1]" is stuck at GND
    Warning (13410): Pin "axi_bus_m1.arregion[2]" is stuck at GND
    Warning (13410): Pin "axi_bus_m1.arregion[3]" is stuck at GND
    Warning (13410): Pin "axi_bus_m1.arqos[0]" is stuck at GND
    Warning (13410): Pin "axi_bus_m1.arqos[1]" is stuck at GND
    Warning (13410): Pin "axi_bus_m1.arqos[2]" is stuck at GND
    Warning (13410): Pin "axi_bus_m1.arqos[3]" is stuck at GND
    Warning (13410): Pin "axi_bus_m1.arprot[0]" is stuck at GND
    Warning (13410): Pin "axi_bus_m1.arprot[1]" is stuck at GND
    Warning (13410): Pin "axi_bus_m1.arprot[2]" is stuck at GND
    Warning (13410): Pin "axi_bus_m1.arcache[0]" is stuck at GND
    Warning (13410): Pin "axi_bus_m1.arcache[1]" is stuck at GND
    Warning (13410): Pin "axi_bus_m1.arcache[2]" is stuck at GND
    Warning (13410): Pin "axi_bus_m1.arcache[3]" is stuck at GND
    Warning (13410): Pin "axi_bus_m1.arlock" is stuck at GND
    Warning (13410): Pin "axi_bus_m1.arburst[0]" is stuck at GND
    Warning (13410): Pin "axi_bus_m1.arburst[1]" is stuck at GND
    Warning (13410): Pin "axi_bus_m1.arsize[0]" is stuck at GND
    Warning (13410): Pin "axi_bus_m1.arsize[1]" is stuck at GND
    Warning (13410): Pin "axi_bus_m1.arsize[2]" is stuck at GND
    Warning (13410): Pin "axi_bus_m1.arlen[0]" is stuck at GND
    Warning (13410): Pin "axi_bus_m1.arlen[1]" is stuck at GND
    Warning (13410): Pin "axi_bus_m1.arlen[2]" is stuck at GND
    Warning (13410): Pin "axi_bus_m1.arlen[3]" is stuck at GND
    Warning (13410): Pin "axi_bus_m1.arlen[4]" is stuck at GND
    Warning (13410): Pin "axi_bus_m1.arlen[5]" is stuck at GND
    Warning (13410): Pin "axi_bus_m1.arlen[6]" is stuck at GND
    Warning (13410): Pin "axi_bus_m1.arlen[7]" is stuck at GND
    Warning (13410): Pin "axi_bus_m1.arid[0]" is stuck at GND
    Warning (13410): Pin "axi_bus_m1.arid[1]" is stuck at GND
    Warning (13410): Pin "axi_bus_m1.arid[2]" is stuck at GND
    Warning (13410): Pin "axi_bus_m1.arid[3]" is stuck at GND
    Warning (13410): Pin "axi_bus_m1.awregion[0]" is stuck at GND
    Warning (13410): Pin "axi_bus_m1.awregion[1]" is stuck at GND
    Warning (13410): Pin "axi_bus_m1.awregion[2]" is stuck at GND
    Warning (13410): Pin "axi_bus_m1.awregion[3]" is stuck at GND
    Warning (13410): Pin "axi_bus_m1.awqos[0]" is stuck at GND
    Warning (13410): Pin "axi_bus_m1.awqos[1]" is stuck at GND
    Warning (13410): Pin "axi_bus_m1.awqos[2]" is stuck at GND
    Warning (13410): Pin "axi_bus_m1.awqos[3]" is stuck at GND
    Warning (13410): Pin "axi_bus_m1.awprot[0]" is stuck at GND
    Warning (13410): Pin "axi_bus_m1.awprot[1]" is stuck at GND
    Warning (13410): Pin "axi_bus_m1.awprot[2]" is stuck at GND
    Warning (13410): Pin "axi_bus_m1.awcache[0]" is stuck at GND
    Warning (13410): Pin "axi_bus_m1.awcache[1]" is stuck at GND
    Warning (13410): Pin "axi_bus_m1.awcache[2]" is stuck at GND
    Warning (13410): Pin "axi_bus_m1.awcache[3]" is stuck at GND
    Warning (13410): Pin "axi_bus_m1.awlock" is stuck at GND
    Warning (13410): Pin "axi_bus_m1.awid[0]" is stuck at GND
    Warning (13410): Pin "axi_bus_m1.awid[1]" is stuck at GND
    Warning (13410): Pin "axi_bus_m1.awid[2]" is stuck at GND
    Warning (13410): Pin "axi_bus_m1.awid[3]" is stuck at GND
    Warning (13410): Pin "axi_bus_s0.rlast" is stuck at GND
    Warning (13410): Pin "axi_bus_s0.rresp[0]" is stuck at GND
    Warning (13410): Pin "axi_bus_s0.rresp[1]" is stuck at GND
    Warning (13410): Pin "axi_bus_s0.rid[0]" is stuck at GND
    Warning (13410): Pin "axi_bus_s0.rid[1]" is stuck at GND
    Warning (13410): Pin "axi_bus_s0.rid[2]" is stuck at GND
    Warning (13410): Pin "axi_bus_s0.rid[3]" is stuck at GND
    Warning (13410): Pin "axi_bus_s0.bresp[0]" is stuck at GND
    Warning (13410): Pin "axi_bus_s0.bresp[1]" is stuck at GND
    Warning (13410): Pin "axi_bus_s0.bid[0]" is stuck at GND
    Warning (13410): Pin "axi_bus_s0.bid[1]" is stuck at GND
    Warning (13410): Pin "axi_bus_s0.bid[2]" is stuck at GND
    Warning (13410): Pin "axi_bus_s0.bid[3]" is stuck at GND
    Warning (13410): Pin "axi_bus_s1.rlast" is stuck at GND
    Warning (13410): Pin "axi_bus_s1.rresp[0]" is stuck at GND
    Warning (13410): Pin "axi_bus_s1.rresp[1]" is stuck at GND
    Warning (13410): Pin "axi_bus_s1.rid[0]" is stuck at GND
    Warning (13410): Pin "axi_bus_s1.rid[1]" is stuck at GND
    Warning (13410): Pin "axi_bus_s1.rid[2]" is stuck at GND
    Warning (13410): Pin "axi_bus_s1.rid[3]" is stuck at GND
    Warning (13410): Pin "axi_bus_s1.bresp[0]" is stuck at GND
    Warning (13410): Pin "axi_bus_s1.bresp[1]" is stuck at GND
    Warning (13410): Pin "axi_bus_s1.bid[0]" is stuck at GND
    Warning (13410): Pin "axi_bus_s1.bid[1]" is stuck at GND
    Warning (13410): Pin "axi_bus_s1.bid[2]" is stuck at GND
    Warning (13410): Pin "axi_bus_s1.bid[3]" is stuck at GND
Info (286030): Timing-Driven Synthesis is running
Info (16010): Generating hard_block partition "hard_block:auto_generated_inst"
    Info (16011): Adding 0 node(s), including 0 DDIO, 0 PLL, 0 transceiver and 0 LCELL
Warning (21074): Design contains 107 input pin(s) that do not drive logic
    Warning (15610): No output dependent on input pin "axi_bus_m0.rlast"
    Warning (15610): No output dependent on input pin "axi_bus_m0.rresp[0]"
    Warning (15610): No output dependent on input pin "axi_bus_m0.rresp[1]"
    Warning (15610): No output dependent on input pin "axi_bus_m0.rid[0]"
    Warning (15610): No output dependent on input pin "axi_bus_m0.rid[1]"
    Warning (15610): No output dependent on input pin "axi_bus_m0.rid[2]"
    Warning (15610): No output dependent on input pin "axi_bus_m0.rid[3]"
    Warning (15610): No output dependent on input pin "axi_bus_m0.bresp[0]"
    Warning (15610): No output dependent on input pin "axi_bus_m0.bresp[1]"
    Warning (15610): No output dependent on input pin "axi_bus_m0.bid[0]"
    Warning (15610): No output dependent on input pin "axi_bus_m0.bid[1]"
    Warning (15610): No output dependent on input pin "axi_bus_m0.bid[2]"
    Warning (15610): No output dependent on input pin "axi_bus_m0.bid[3]"
    Warning (15610): No output dependent on input pin "axi_bus_m1.rlast"
    Warning (15610): No output dependent on input pin "axi_bus_m1.rresp[0]"
    Warning (15610): No output dependent on input pin "axi_bus_m1.rresp[1]"
    Warning (15610): No output dependent on input pin "axi_bus_m1.rid[0]"
    Warning (15610): No output dependent on input pin "axi_bus_m1.rid[1]"
    Warning (15610): No output dependent on input pin "axi_bus_m1.rid[2]"
    Warning (15610): No output dependent on input pin "axi_bus_m1.rid[3]"
    Warning (15610): No output dependent on input pin "axi_bus_m1.bresp[0]"
    Warning (15610): No output dependent on input pin "axi_bus_m1.bresp[1]"
    Warning (15610): No output dependent on input pin "axi_bus_m1.bid[0]"
    Warning (15610): No output dependent on input pin "axi_bus_m1.bid[1]"
    Warning (15610): No output dependent on input pin "axi_bus_m1.bid[2]"
    Warning (15610): No output dependent on input pin "axi_bus_m1.bid[3]"
    Warning (15610): No output dependent on input pin "axi_bus_s0.arregion[0]"
    Warning (15610): No output dependent on input pin "axi_bus_s0.arregion[1]"
    Warning (15610): No output dependent on input pin "axi_bus_s0.arregion[2]"
    Warning (15610): No output dependent on input pin "axi_bus_s0.arregion[3]"
    Warning (15610): No output dependent on input pin "axi_bus_s0.arqos[0]"
    Warning (15610): No output dependent on input pin "axi_bus_s0.arqos[1]"
    Warning (15610): No output dependent on input pin "axi_bus_s0.arqos[2]"
    Warning (15610): No output dependent on input pin "axi_bus_s0.arqos[3]"
    Warning (15610): No output dependent on input pin "axi_bus_s0.arprot[0]"
    Warning (15610): No output dependent on input pin "axi_bus_s0.arprot[1]"
    Warning (15610): No output dependent on input pin "axi_bus_s0.arprot[2]"
    Warning (15610): No output dependent on input pin "axi_bus_s0.arcache[0]"
    Warning (15610): No output dependent on input pin "axi_bus_s0.arcache[1]"
    Warning (15610): No output dependent on input pin "axi_bus_s0.arcache[2]"
    Warning (15610): No output dependent on input pin "axi_bus_s0.arcache[3]"
    Warning (15610): No output dependent on input pin "axi_bus_s0.arlock"
    Warning (15610): No output dependent on input pin "axi_bus_s0.arid[0]"
    Warning (15610): No output dependent on input pin "axi_bus_s0.arid[1]"
    Warning (15610): No output dependent on input pin "axi_bus_s0.arid[2]"
    Warning (15610): No output dependent on input pin "axi_bus_s0.arid[3]"
    Warning (15610): No output dependent on input pin "axi_bus_s0.awregion[0]"
    Warning (15610): No output dependent on input pin "axi_bus_s0.awregion[1]"
    Warning (15610): No output dependent on input pin "axi_bus_s0.awregion[2]"
    Warning (15610): No output dependent on input pin "axi_bus_s0.awregion[3]"
    Warning (15610): No output dependent on input pin "axi_bus_s0.awqos[0]"
    Warning (15610): No output dependent on input pin "axi_bus_s0.awqos[1]"
    Warning (15610): No output dependent on input pin "axi_bus_s0.awqos[2]"
    Warning (15610): No output dependent on input pin "axi_bus_s0.awqos[3]"
    Warning (15610): No output dependent on input pin "axi_bus_s0.awprot[0]"
    Warning (15610): No output dependent on input pin "axi_bus_s0.awprot[1]"
    Warning (15610): No output dependent on input pin "axi_bus_s0.awprot[2]"
    Warning (15610): No output dependent on input pin "axi_bus_s0.awcache[0]"
    Warning (15610): No output dependent on input pin "axi_bus_s0.awcache[1]"
    Warning (15610): No output dependent on input pin "axi_bus_s0.awcache[2]"
    Warning (15610): No output dependent on input pin "axi_bus_s0.awcache[3]"
    Warning (15610): No output dependent on input pin "axi_bus_s0.awlock"
    Warning (15610): No output dependent on input pin "axi_bus_s0.awid[0]"
    Warning (15610): No output dependent on input pin "axi_bus_s0.awid[1]"
    Warning (15610): No output dependent on input pin "axi_bus_s0.awid[2]"
    Warning (15610): No output dependent on input pin "axi_bus_s0.awid[3]"
    Warning (15610): No output dependent on input pin "axi_bus_s1.arregion[0]"
    Warning (15610): No output dependent on input pin "axi_bus_s1.arregion[1]"
    Warning (15610): No output dependent on input pin "axi_bus_s1.arregion[2]"
    Warning (15610): No output dependent on input pin "axi_bus_s1.arregion[3]"
    Warning (15610): No output dependent on input pin "axi_bus_s1.arqos[0]"
    Warning (15610): No output dependent on input pin "axi_bus_s1.arqos[1]"
    Warning (15610): No output dependent on input pin "axi_bus_s1.arqos[2]"
    Warning (15610): No output dependent on input pin "axi_bus_s1.arqos[3]"
    Warning (15610): No output dependent on input pin "axi_bus_s1.arprot[0]"
    Warning (15610): No output dependent on input pin "axi_bus_s1.arprot[1]"
    Warning (15610): No output dependent on input pin "axi_bus_s1.arprot[2]"
    Warning (15610): No output dependent on input pin "axi_bus_s1.arcache[0]"
    Warning (15610): No output dependent on input pin "axi_bus_s1.arcache[1]"
    Warning (15610): No output dependent on input pin "axi_bus_s1.arcache[2]"
    Warning (15610): No output dependent on input pin "axi_bus_s1.arcache[3]"
    Warning (15610): No output dependent on input pin "axi_bus_s1.arlock"
    Warning (15610): No output dependent on input pin "axi_bus_s1.arid[0]"
    Warning (15610): No output dependent on input pin "axi_bus_s1.arid[1]"
    Warning (15610): No output dependent on input pin "axi_bus_s1.arid[2]"
    Warning (15610): No output dependent on input pin "axi_bus_s1.arid[3]"
    Warning (15610): No output dependent on input pin "axi_bus_s1.wvalid"
    Warning (15610): No output dependent on input pin "axi_bus_s1.awregion[0]"
    Warning (15610): No output dependent on input pin "axi_bus_s1.awregion[1]"
    Warning (15610): No output dependent on input pin "axi_bus_s1.awregion[2]"
    Warning (15610): No output dependent on input pin "axi_bus_s1.awregion[3]"
    Warning (15610): No output dependent on input pin "axi_bus_s1.awqos[0]"
    Warning (15610): No output dependent on input pin "axi_bus_s1.awqos[1]"
    Warning (15610): No output dependent on input pin "axi_bus_s1.awqos[2]"
    Warning (15610): No output dependent on input pin "axi_bus_s1.awqos[3]"
    Warning (15610): No output dependent on input pin "axi_bus_s1.awprot[0]"
    Warning (15610): No output dependent on input pin "axi_bus_s1.awprot[1]"
    Warning (15610): No output dependent on input pin "axi_bus_s1.awprot[2]"
    Warning (15610): No output dependent on input pin "axi_bus_s1.awcache[0]"
    Warning (15610): No output dependent on input pin "axi_bus_s1.awcache[1]"
    Warning (15610): No output dependent on input pin "axi_bus_s1.awcache[2]"
    Warning (15610): No output dependent on input pin "axi_bus_s1.awcache[3]"
    Warning (15610): No output dependent on input pin "axi_bus_s1.awlock"
    Warning (15610): No output dependent on input pin "axi_bus_s1.awid[0]"
    Warning (15610): No output dependent on input pin "axi_bus_s1.awid[1]"
    Warning (15610): No output dependent on input pin "axi_bus_s1.awid[2]"
    Warning (15610): No output dependent on input pin "axi_bus_s1.awid[3]"
Info (21057): Implemented 1117 device resources after synthesis - the final resource count might be different
    Info (21058): Implemented 446 input pins
    Info (21059): Implemented 444 output pins
    Info (21061): Implemented 227 logic cells
Info: Quartus II 64-Bit Analysis & Synthesis was successful. 0 errors, 276 warnings
    Info: Peak virtual memory: 515 megabytes
    Info: Processing ended: Mon Aug 03 01:03:31 2015
    Info: Elapsed time: 00:00:02
    Info: Total CPU time (on all processors): 00:00:02


